Clipper2Sharp benchmark
  runtime      : 10.0.12 / x64
  processors   : 12
  iterations   : 7 (best of)

loaded 195 polygon cases and 2 offset cases

boolean ops (Polygons.txt, all cases)                      new     55.75 ms /   17.38 MB   ref     83.38 ms /   16.33 MB   speedup  1.50x  alloc 1.064x  MISMATCH
union: add subject paths only (ingestion)                  new      0.15 ms /    0.53 MB   ref      0.14 ms /    0.45 MB   speedup  0.90x  alloc 1.169x  OK
union of every subject path (Paths64)                      new    989.57 ms /   32.84 MB   ref    921.24 ms /   32.68 MB   speedup  0.93x  alloc 1.005x  MISMATCH
offsets (Offsets.txt, delta = 1, Round/Polygon)            new      2.26 ms /    2.02 MB   ref      2.41 ms /    2.60 MB   speedup  1.07x  alloc 0.777x  MISMATCH
offsets (Offsets.txt, delta = 27, Miter/Square)            new      5.06 ms /    1.57 MB   ref      4.90 ms /    1.07 MB   speedup  0.97x  alloc 1.462x  OK
rect clip (off all subjects into 100,100,700,500)          new      0.71 ms /    0.64 MB   ref      0.91 ms /    0.62 MB   speedup  1.28x  alloc 1.025x  OK
rect clip lines (off all subjects into 100,100,700,500)    new      0.45 ms /    0.62 MB   ref      0.54 ms /    0.60 MB   speedup  1.21x  alloc 1.035x  OK
simplify paths (all subjects, eps = 0.5)                   new      0.10 ms /    0.17 MB   ref      0.09 ms /    0.21 MB   speedup  0.90x  alloc 0.777x  OK
triangulate 2000 vertex polygon                            new      1.84 ms /    1.07 MB   ref      2.05 ms /    1.09 MB   speedup  1.11x  alloc 0.982x  OK
area (Paths64 of every subject+clip)                       new      0.03 ms /    0.09 MB   ref      0.03 ms /    0.09 MB   speedup  0.98x  alloc 1.000x  OK
get bounds (Paths64 of every subject+clip)                 new      0.03 ms /    0.09 MB   ref      0.03 ms /    0.09 MB   speedup  0.94x  alloc 1.091x  OK
point in polygon (200k probes)                             new   1490.43 ms /    0.09 MB   ref   1451.14 ms /    0.09 MB   speedup  0.97x  alloc 1.000x  OK
scale round trip (Paths64 -> PathsD -> Paths64, x1000)     new      0.07 ms /    0.25 MB   ref      0.08 ms /    0.25 MB   speedup  1.15x  alloc 1.001x  OK
offset: every subject path as its own group                new     21.61 ms /   14.48 MB   ref     21.48 ms /   12.75 MB   speedup  0.99x  alloc 1.136x  OK
rect clip: every subject path separately                   new      0.47 ms /    0.69 MB   ref      0.62 ms /    0.66 MB   speedup  1.31x  alloc 1.033x  OK
per-case differences vs upstream: boolean 2/195, offsets 2/2

### boolean ops (Polygons.txt, all cases)

| implementation | time (ms) | allocated (MB) | result |
|---|---:|---:|---|
| Clipper2Sharp (new) | 55.75 | 17.38 | 16558 paths / area 6223511730 |
| Clipper2 (upstream C#) | 83.38 | 16.33 | 16559 paths / area 6223511774 |

speed-up **1.50x**, allocation **1.064x** of the reference, results **DIFFERENT**


### union: add subject paths only (ingestion)

| implementation | time (ms) | allocated (MB) | result |
|---|---:|---:|---|
| Clipper2Sharp (new) | 0.15 | 0.53 | 0 paths / area 0 |
| Clipper2 (upstream C#) | 0.14 | 0.45 | 0 paths / area 0 |

speed-up **0.90x**, allocation **1.169x** of the reference, results **identical**


### union of every subject path (Paths64)

| implementation | time (ms) | allocated (MB) | result |
|---|---:|---:|---|
| Clipper2Sharp (new) | 989.57 | 32.84 | 6052 paths / area 34874743644 |
| Clipper2 (upstream C#) | 921.24 | 32.68 | 6048 paths / area 34874743623 |

speed-up **0.93x**, allocation **1.005x** of the reference, results **DIFFERENT**


### offsets (Offsets.txt, delta = 1, Round/Polygon)

| implementation | time (ms) | allocated (MB) | result |
|---|---:|---:|---|
| Clipper2Sharp (new) | 2.26 | 2.02 | 6 paths / area -172785 |
| Clipper2 (upstream C#) | 2.41 | 2.60 | 5 paths / area -173333 |

speed-up **1.07x**, allocation **0.777x** of the reference, results **DIFFERENT**


### offsets (Offsets.txt, delta = 27, Miter/Square)

| implementation | time (ms) | allocated (MB) | result |
|---|---:|---:|---|
| Clipper2Sharp (new) | 5.06 | 1.57 | 3 paths / area -286295 |
| Clipper2 (upstream C#) | 4.90 | 1.07 | 3 paths / area -286295 |

speed-up **0.97x**, allocation **1.462x** of the reference, results **identical**


### rect clip (off all subjects into 100,100,700,500)

| implementation | time (ms) | allocated (MB) | result |
|---|---:|---:|---|
| Clipper2Sharp (new) | 0.71 | 0.64 | 327 paths / area 1551666 |
| Clipper2 (upstream C#) | 0.91 | 0.62 | 327 paths / area 1551666 |

speed-up **1.28x**, allocation **1.025x** of the reference, results **identical**


### rect clip lines (off all subjects into 100,100,700,500)

| implementation | time (ms) | allocated (MB) | result |
|---|---:|---:|---|
| Clipper2Sharp (new) | 0.45 | 0.62 | 1033 paths / area 1113240 |
| Clipper2 (upstream C#) | 0.54 | 0.60 | 1033 paths / area 1113240 |

speed-up **1.21x**, allocation **1.035x** of the reference, results **identical**


### simplify paths (all subjects, eps = 0.5)

| implementation | time (ms) | allocated (MB) | result |
|---|---:|---:|---|
| Clipper2Sharp (new) | 0.10 | 0.17 | 249 paths / area 34870839030 |
| Clipper2 (upstream C#) | 0.09 | 0.21 | 249 paths / area 34870839030 |

speed-up **0.90x**, allocation **0.777x** of the reference, results **identical**


### triangulate 2000 vertex polygon

| implementation | time (ms) | allocated (MB) | result |
|---|---:|---:|---|
| Clipper2Sharp (new) | 1.84 | 1.07 | 1730 paths / area 31415501224 |
| Clipper2 (upstream C#) | 2.05 | 1.09 | 1730 paths / area 31415501224 |

speed-up **1.11x**, allocation **0.982x** of the reference, results **identical**


### area (Paths64 of every subject+clip)

| implementation | time (ms) | allocated (MB) | result |
|---|---:|---:|---|
| Clipper2Sharp (new) | 0.03 | 0.09 | 249 paths / area 34870839034 |
| Clipper2 (upstream C#) | 0.03 | 0.09 | 249 paths / area 34870839034 |

speed-up **0.98x**, allocation **1.000x** of the reference, results **identical**


### get bounds (Paths64 of every subject+clip)

| implementation | time (ms) | allocated (MB) | result |
|---|---:|---:|---|
| Clipper2Sharp (new) | 0.03 | 0.09 | 6769764 paths / area 0 |
| Clipper2 (upstream C#) | 0.03 | 0.09 | 6769764 paths / area 0 |

speed-up **0.94x**, allocation **1.091x** of the reference, results **identical**


### point in polygon (200k probes)

| implementation | time (ms) | allocated (MB) | result |
|---|---:|---:|---|
| Clipper2Sharp (new) | 1490.43 | 0.09 | 787 paths / area 0 |
| Clipper2 (upstream C#) | 1451.14 | 0.09 | 787 paths / area 0 |

speed-up **0.97x**, allocation **1.000x** of the reference, results **identical**


### scale round trip (Paths64 -> PathsD -> Paths64, x1000)

| implementation | time (ms) | allocated (MB) | result |
|---|---:|---:|---|
| Clipper2Sharp (new) | 0.07 | 0.25 | 249 paths / area 34870839034 |
| Clipper2 (upstream C#) | 0.08 | 0.25 | 249 paths / area 34870839034 |

speed-up **1.15x**, allocation **1.001x** of the reference, results **identical**


### offset: every subject path as its own group

| implementation | time (ms) | allocated (MB) | result |
|---|---:|---:|---|
| Clipper2Sharp (new) | 21.61 | 14.48 | 1389 paths / area 34907039256 |
| Clipper2 (upstream C#) | 21.48 | 12.75 | 1389 paths / area 34907039256 |

speed-up **0.99x**, allocation **1.136x** of the reference, results **identical**


### rect clip: every subject path separately

| implementation | time (ms) | allocated (MB) | result |
|---|---:|---:|---|
| Clipper2Sharp (new) | 0.47 | 0.69 | 327 paths / area 1551661 |
| Clipper2 (upstream C#) | 0.62 | 0.66 | 327 paths / area 1551661 |

speed-up **1.31x**, allocation **1.033x** of the reference, results **identical**


### Differences against the upstream C# 2.0.0 port

- boolean cases: 2 of 195 differ
- offset cases : 2 of 2 differ

```
  boolean case 173 (UNION/EVENODD): new 130 paths / area 512858 vs ref 131 paths / area 512905
  boolean case 174 (UNION/EVENODD): new 122 paths / area 502671 vs ref 122 paths / area 502668
  offset case 1: new 4 paths / area -15019 vs ref 3 paths / area -15080
  offset case 2: new 2 paths / area -157766 vs ref 2 paths / area -158253
```


report written to E:\Learning\AI\Clipper2Sharp\benchmark\Clipper2.Benchmark\bin\Release\net10.0\benchmark-report-20260925-024338.md
